// Jest Snapshot v1, https://goo.gl/fbAQLP

exports[`should load and track events to a custom destination (no validation) 1`] = `
Array [
  Array [
    "CustomPlugin: ",
    "track() userId='test-user-id' event='Event No Properties' properties=undefined",
  ],
  Array [
    "CustomPlugin: ",
    "track() userId='test-user-id' event='Event With All Properties' properties={\\"requiredString\\":\\"A required string\\",\\"requiredNumber\\":2,\\"requiredInteger\\":42,\\"requiredEnum\\":\\"Enum1\\",\\"requiredBoolean\\":false,\\"requiredConst\\":\\"some-const-value\\",\\"requiredArray\\":[\\"required\\",\\"array\\"],\\"optionalString\\":\\"I'm optional!\\"}",
  ],
  Array [
    "CustomPlugin: ",
    "track() userId='test-user-id' event='EventMaxIntForTest' properties={\\"intMax10\\":20}",
  ],
  Array [
    "CustomPlugin.id()",
    "custom",
  ],
]
`;
